// Vitest Snapshot v1, https://vitest.dev/guide/snapshot.html

exports[`Grid > should match snapshot 1`] = `
<div>
  <div
    class="grid"
  >
    <div
      class="section"
      id="2019_04"
      style="width: 800px; height: 380px; top: 20px;"
    >
      <div
        class="section-header"
      >
        <h2>
          April, 2019
        </h2>
      </div>
      <div
        class="section-content"
      >
        <div
          class="segment"
          id="2019_04_25"
          style="width: 10px; height: 10px; top: 10px;"
        >
          <div
            class="segment-header"
          >
            <div
              aria-label="segment-checkicon"
              class="checkbutton "
              data-tile-id="2019_04_25"
              style="position: static;"
            >
              <svg
                aria-hidden="true"
                class="MuiSvgIcon-root MuiSvgIcon-fontSizeMedium css-1umw9bq-MuiSvgIcon-root"
                data-testid="CheckCircleIcon"
                focusable="false"
                viewBox="0 0 24 24"
              >
                <path
                  d="M12 2C6.48 2 2 6.48 2 12s4.48 10 10 10 10-4.48 10-10S17.52 2 12 2m-2 15-5-5 1.41-1.41L10 14.17l7.59-7.59L19 8z"
                />
              </svg>
            </div>
            <h3>
              Thu, April 25, 2019
            </h3>
          </div>
          <div
            class="segment-content"
          />
        </div>
        <div
          class="segment"
          id="2019_04_24"
          style="width: 10px; height: 10px; top: 10px;"
        >
          <div
            class="segment-header"
          >
            <div
              aria-label="segment-checkicon"
              class="checkbutton "
              data-tile-id="2019_04_24"
              style="position: static;"
            >
              <svg
                aria-hidden="true"
                class="MuiSvgIcon-root MuiSvgIcon-fontSizeMedium css-1umw9bq-MuiSvgIcon-root"
                data-testid="CheckCircleIcon"
                focusable="false"
                viewBox="0 0 24 24"
              >
                <path
                  d="M12 2C6.48 2 2 6.48 2 12s4.48 10 10 10 10-4.48 10-10S17.52 2 12 2m-2 15-5-5 1.41-1.41L10 14.17l7.59-7.59L19 8z"
                />
              </svg>
            </div>
            <h3>
              Thu, April 24, 2019
            </h3>
          </div>
          <div
            class="segment-content"
          />
        </div>
      </div>
    </div>
    <div
      class="section"
      id="2018_12"
      style="width: 800px; height: 150px; top: 440px;"
    />
  </div>
</div>
`;
