// Vitest Snapshot v1, https://vitest.dev/guide/snapshot.html

exports[`Segment > should match snapshot 1`] = `
<div>
  <div
    class="segment"
    id="sec1"
    style="width: 100px; height: 100px; top: 0px;"
  >
    <div
      class="segment-header"
      style="height: 40px;"
    >
      <h3>
        header
      </h3>
    </div>
    <div
      class="segment-content"
    />
  </div>
</div>
`;
