// Vitest Snapshot v1, https://vitest.dev/guide/snapshot.html

exports[`Segment > should match snapshot 1`] = `
<div>
  <div
    class="segment"
    id="sec1"
    style="width: 100px; height: 100px; top: 0px;"
  >
    <div
      class="segment-header"
      style="height: 40px;"
    >
      <div
        aria-label="segment-checkicon"
        class="checkbutton "
        data-id="sec1"
        style="top: 0px; left: 0px;"
      >
        <svg
          aria-hidden="true"
          class="MuiSvgIcon-root MuiSvgIcon-fontSizeMedium css-1umw9bq-MuiSvgIcon-root"
          data-testid="CheckCircleIcon"
          focusable="false"
          viewBox="0 0 24 24"
        >
          <path
            d="M12 2C6.48 2 2 6.48 2 12s4.48 10 10 10 10-4.48 10-10S17.52 2 12 2m-2 15-5-5 1.41-1.41L10 14.17l7.59-7.59L19 8z"
          />
        </svg>
      </div>
      <h3>
        header
      </h3>
    </div>
    <div
      class="segment-content"
    />
  </div>
</div>
`;
